2026-01-18 19:18:13 - omni_scripts.platform.detector - [32m[1mINFO[0m - Detected platform: Windows x86_64 (64-bit)
2026-01-18 19:18:13 - __main__ - [32m[1mINFO[0m - Initializing OmniCpp Controller on Windows x86_64
2026-01-18 19:18:13 - __main__ - [32m[1mINFO[0m - Detecting available compiler...
2026-01-18 19:18:13 - omni_scripts.platform.windows - [32m[1mINFO[0m - Found MSVC 19.44 (BuildTools 2022) at C:\Program Files (x86)\Microsoft Visual Studio\2022\BuildTools
2026-01-18 19:18:13 - __main__ - [32m[1mINFO[0m - Detected compiler: MSVC 19.44
2026-01-18 19:18:13 - omni_scripts.compilers.detector - [32m[1mINFO[0m - MSVC 19.44 supports C++23
2026-01-18 19:18:13 - __main__ - [32m[1mINFO[0m - Compiler supports C++23: True
2026-01-18 19:18:13 - __main__ - [32m[1mINFO[0m - Building target: all
2026-01-18 19:18:13 - __main__ - [32m[1mINFO[0m - Pipeline: Clean Build Pipeline
2026-01-18 19:18:13 - __main__ - [32m[1mINFO[0m - Preset: default
2026-01-18 19:18:13 - __main__ - [32m[1mINFO[0m - Config: release
2026-01-18 19:18:13 - __main__ - [32m[1mINFO[0m - Compiler: mingw-gcc
2026-01-18 19:18:13 - __main__ - [32m[1mINFO[0m - Setting up terminal environment for mingw-gcc
[INFO] 2026-01-18T19:18:15.452361 - Added user local bin to MSYS2 PATH: /c/Users/mushroomyy/.local/bin
[INFO] 2026-01-18T19:18:15.452455 - Using MSYS2 UCRT64: C:\msys64
[INFO] 2026-01-18T19:18:15.452555 - Setting MSYS2 PATH: /c/Users/mushroomyy/.local/bin:/ucrt64/bin:/usr/bin:/usr/local/bin
[INFO] 2026-01-18T19:18:15.452571 - Executing in msys2 environment: "python" -c "from omni_scripts.build import BuildManager, BuildContext; from pathlib import Path; bm = BuildManager(Path.cwd()); ctx = BuildContext(product=\"all\", task=\"Clean Build Pipeline\", arch=\"x64\", build_type=\"release\", compiler=\"mingw-gcc\", is_cross_compilation=False, lib_flag=True, st_flag=True, qt_vulkan_lib_flag=False, qt_vulkan_st_flag=False); bm.run_clean_build_pipeline(ctx)"
[INFO] 2026-01-18T19:18:15.452578 - Capture output: enabled
[INFO] 2026-01-18T19:18:15.453522 - MSYS2 bash.exe: C:\msys64\usr\bin\bash.exe
[INFO] 2026-01-18T19:18:15.453569 - Command to execute: "python" -c "from omni_scripts.build import BuildManager, BuildContext; from pathlib import Path; bm = BuildManager(Path.cwd()); ctx = BuildContext(product=\"all\", task=\"Clean Build Pipeline\", arch=\"x64\", build_type=\"release\", compiler=\"mingw-gcc\", is_cross_compilation=False, lib_flag=True, st_flag=True, qt_vulkan_lib_flag=False, qt_vulkan_st_flag=False); bm.run_clean_build_pipeline(ctx)"
[INFO] 2026-01-18T19:18:15.453581 - Command type: <class 'str'>
[INFO] 2026-01-18T19:18:15.453587 - Command length: 400
[INFO] 2026-01-18T19:18:16.445333 - Full command to execute: cd "/e/syncfold/Filen_private/dev/template/OmniCPP-template" && "python" -c "from omni_scripts.build import BuildManager, BuildContext; from pathlib import Path; bm = BuildManager(Path.cwd()); ctx = BuildContext(product=\"all\", task=\"Clean Build Pipeline\", arch=\"x64\", build_type=\"release\", compiler=\"mingw-gcc\", is_cross_compilation=False, lib_flag=True, st_flag=True, qt_vulkan_lib_flag=False, qt_vulkan_st_flag=False); bm.run_clean_build_pipeline(ctx)"
[INFO] 2026-01-18T19:18:16.445358 - Full command length: 464
[INFO] 2026-01-18T19:18:34.456348 - Starting Clean Build Pipeline for all
[INFO] 2026-01-18T19:18:34.456348 - Build context: product=all, task=Clean Build Pipeline, arch=x64, build_type=release, compiler=mingw-gcc, lib_flag=True, st_flag=True
[INFO] 2026-01-18T19:18:34.456348 - Step 1: Cleaning build directories
[INFO] 2026-01-18T19:18:34.456348 - Cleaning build directories for all
[INFO] 2026-01-18T19:18:34.456348 - lib_flag: True, st_flag: True
[INFO] 2026-01-18T19:18:34.456348 - Targets to clean: ['engine', 'game']
[INFO] 2026-01-18T19:18:34.456348 - Build directory for engine: E:/syncfold/Filen_private/dev/template/OmniCPP-template/build/release/mingw-gcc/engine
[INFO] 2026-01-18T19:18:34.456348 - Build directory for game: E:/syncfold/Filen_private/dev/template/OmniCPP-template/build/release/mingw-gcc/game
[SUCCESS] 2026-01-18T19:18:34.456348 - Build directories cleaned successfully (0 directories)
[INFO] 2026-01-18T19:18:34.456348 - Step 2: Installing dependencies
[INFO] 2026-01-18T19:18:36.772267 - Added user local bin to MSYS2 PATH: /c/Users/mushroomyy/.local/bin
[INFO] 2026-01-18T19:18:36.773277 - Using MSYS2 UCRT64: C:/msys64
[INFO] 2026-01-18T19:18:36.773277 - Installing dependencies for all
[INFO] 2026-01-18T19:18:36.773277 - Installing dependencies for engine in E:/syncfold/Filen_private/dev/template/OmniCPP-template/build/release/mingw-gcc/engine
[INFO] 2026-01-18T19:18:36.773277 - Installing Conan dependencies for release build

[ERROR] 2026-01-18T19:18:36.773277 - Conan profile not found: E:/syncfold/Filen_private/dev/template/OmniCPP-template/conan/profiles/mingw-gcc-release
Traceback (most recent call last):
  File "E:/syncfold/Filen_private/dev/template/OmniCPP-template/omni_scripts/build.py", line 311, in install_dependencies
    self.conan_manager.install(
  File "E:/syncfold/Filen_private/dev/template/OmniCPP-template/omni_scripts/conan.py", line 166, in install
    raise ConanProfileError(
omni_scripts.conan.ConanProfileError: Conan profile not found: E:/syncfold/Filen_private/dev/template/OmniCPP-template/conan/profiles/mingw-gcc-release

The above exception was the direct cause of the following exception:

Traceback (most recent call last):
  File "<string>", line 1, in <module>
  File "E:/syncfold/Filen_private/dev/template/OmniCPP-template/omni_scripts/build.py", line 545, in run_clean_build_pipeline
    self.install_dependencies(context, terminal_env)
  File "E:/syncfold/Filen_private/dev/template/OmniCPP-template/omni_scripts/build.py", line 330, in install_dependencies
    raise DependencyError(
omni_scripts.build.DependencyError: BuildError: Failed to install dependencies for engine Context: {'dependency': 'engine'}

[INFO] 2026-01-18T19:18:37.640958 - MSYS2 execution completed with return code: 1
