2026-01-18 19:19:26 - omni_scripts.platform.detector - [32m[1mINFO[0m - Detected platform: Windows x86_64 (64-bit)
2026-01-18 19:19:26 - __main__ - [32m[1mINFO[0m - Initializing OmniCpp Controller on Windows x86_64
2026-01-18 19:19:26 - __main__ - [32m[1mINFO[0m - Detecting available compiler...
2026-01-18 19:19:26 - omni_scripts.platform.windows - [32m[1mINFO[0m - Found MSVC 19.44 (BuildTools 2022) at C:\Program Files (x86)\Microsoft Visual Studio\2022\BuildTools
2026-01-18 19:19:26 - __main__ - [32m[1mINFO[0m - Detected compiler: MSVC 19.44
2026-01-18 19:19:26 - omni_scripts.compilers.detector - [32m[1mINFO[0m - MSVC 19.44 supports C++23
2026-01-18 19:19:26 - __main__ - [32m[1mINFO[0m - Compiler supports C++23: True
2026-01-18 19:19:26 - __main__ - [32m[1mINFO[0m - Building target: all
2026-01-18 19:19:26 - __main__ - [32m[1mINFO[0m - Pipeline: Clean Build Pipeline
2026-01-18 19:19:26 - __main__ - [32m[1mINFO[0m - Preset: default
2026-01-18 19:19:26 - __main__ - [32m[1mINFO[0m - Config: release
2026-01-18 19:19:26 - __main__ - [32m[1mINFO[0m - Compiler: mingw-clang
2026-01-18 19:19:26 - __main__ - [32m[1mINFO[0m - Setting up terminal environment for mingw-clang
[INFO] 2026-01-18T19:19:29.680856 - Added user local bin to MSYS2 PATH: /c/Users/mushroomyy/.local/bin
[INFO] 2026-01-18T19:19:29.680933 - Using MSYS2 UCRT64: C:\msys64
[INFO] 2026-01-18T19:19:29.681145 - Setting MSYS2 PATH: /c/Users/mushroomyy/.local/bin:/ucrt64/bin:/usr/bin:/usr/local/bin
[INFO] 2026-01-18T19:19:29.681160 - Executing in msys2 environment: "python" -c "from omni_scripts.build import BuildManager, BuildContext; from pathlib import Path; bm = BuildManager(Path.cwd()); ctx = BuildContext(product=\"all\", task=\"Clean Build Pipeline\", arch=\"x64\", build_type=\"release\", compiler=\"mingw-clang\", is_cross_compilation=False, lib_flag=True, st_flag=True, qt_vulkan_lib_flag=False, qt_vulkan_st_flag=False); bm.run_clean_build_pipeline(ctx)"
[INFO] 2026-01-18T19:19:29.681167 - Capture output: enabled
[INFO] 2026-01-18T19:19:29.681483 - MSYS2 bash.exe: C:\msys64\usr\bin\bash.exe
[INFO] 2026-01-18T19:19:29.681496 - Command to execute: "python" -c "from omni_scripts.build import BuildManager, BuildContext; from pathlib import Path; bm = BuildManager(Path.cwd()); ctx = BuildContext(product=\"all\", task=\"Clean Build Pipeline\", arch=\"x64\", build_type=\"release\", compiler=\"mingw-clang\", is_cross_compilation=False, lib_flag=True, st_flag=True, qt_vulkan_lib_flag=False, qt_vulkan_st_flag=False); bm.run_clean_build_pipeline(ctx)"
[INFO] 2026-01-18T19:19:29.681506 - Command type: <class 'str'>
[INFO] 2026-01-18T19:19:29.681511 - Command length: 402
[INFO] 2026-01-18T19:19:30.214774 - Full command to execute: cd "/e/syncfold/Filen_private/dev/template/OmniCPP-template" && "python" -c "from omni_scripts.build import BuildManager, BuildContext; from pathlib import Path; bm = BuildManager(Path.cwd()); ctx = BuildContext(product=\"all\", task=\"Clean Build Pipeline\", arch=\"x64\", build_type=\"release\", compiler=\"mingw-clang\", is_cross_compilation=False, lib_flag=True, st_flag=True, qt_vulkan_lib_flag=False, qt_vulkan_st_flag=False); bm.run_clean_build_pipeline(ctx)"
[INFO] 2026-01-18T19:19:30.214804 - Full command length: 466
[INFO] 2026-01-18T19:19:39.516952 - Starting Clean Build Pipeline for all
[INFO] 2026-01-18T19:19:39.516952 - Build context: product=all, task=Clean Build Pipeline, arch=x64, build_type=release, compiler=mingw-clang, lib_flag=True, st_flag=True
[INFO] 2026-01-18T19:19:39.516952 - Step 1: Cleaning build directories
[INFO] 2026-01-18T19:19:39.516952 - Cleaning build directories for all
[INFO] 2026-01-18T19:19:39.516952 - lib_flag: True, st_flag: True
[INFO] 2026-01-18T19:19:39.516952 - Targets to clean: ['engine', 'game']
[INFO] 2026-01-18T19:19:39.516952 - Build directory for engine: E:/syncfold/Filen_private/dev/template/OmniCPP-template/build/release/mingw-clang/engine
[INFO] 2026-01-18T19:19:39.516952 - Build directory for game: E:/syncfold/Filen_private/dev/template/OmniCPP-template/build/release/mingw-clang/game
[SUCCESS] 2026-01-18T19:19:39.517954 - Build directories cleaned successfully (0 directories)
[INFO] 2026-01-18T19:19:39.517954 - Step 2: Installing dependencies
[INFO] 2026-01-18T19:19:40.258760 - Added user local bin to MSYS2 PATH: /c/Users/mushroomyy/.local/bin
[INFO] 2026-01-18T19:19:40.258760 - Using MSYS2 UCRT64: C:/msys64
[INFO] 2026-01-18T19:19:40.258760 - Installing dependencies for all
[INFO] 2026-01-18T19:19:40.258760 - Installing dependencies for engine in E:/syncfold/Filen_private/dev/template/OmniCPP-template/build/release/mingw-clang/engine
[INFO] 2026-01-18T19:19:40.258760 - Installing Conan dependencies for release build
[INFO] 2026-01-18T19:19:40.260277 - Using conanfile: E:/syncfold/Filen_private/dev/template/OmniCPP-template/conan/conanfile.py
[INFO] 2026-01-18T19:19:40.260277 - Setting MSYS2 PATH: /c/Users/mushroomyy/.local/bin:/ucrt64/bin:/usr/bin:/usr/local/bin
[INFO] 2026-01-18T19:19:40.260277 - Executing in msys2 environment: conan install E:/syncfold/Filen_private/dev/template/OmniCPP-template/conan/conanfile.py --output-folder E:/syncfold/Filen_private/dev/template/OmniCPP-template/build/release/mingw-clang/engine --build=missing --profile:host E:/syncfold/Filen_private/dev/template/OmniCPP-template/conan/profiles/mingw-clang-release --profile:build E:/syncfold/Filen_private/dev/template/OmniCPP-template/conan/profiles/mingw-clang-release --settings build_type=Release
[INFO] 2026-01-18T19:19:40.260277 - Capture output: enabled
[INFO] 2026-01-18T19:19:40.260277 - MSYS2 bash.exe: C:/msys64/usr/bin/bash.exe
[INFO] 2026-01-18T19:19:40.260277 - Command to execute: conan install E:/syncfold/Filen_private/dev/template/OmniCPP-template/conan/conanfile.py --output-folder E:/syncfold/Filen_private/dev/template/OmniCPP-template/build/release/mingw-clang/engine --build=missing --profile:host E:/syncfold/Filen_private/dev/template/OmniCPP-template/conan/profiles/mingw-clang-release --profile:build E:/syncfold/Filen_private/dev/template/OmniCPP-template/conan/profiles/mingw-clang-release --settings build_type=Release
[INFO] 2026-01-18T19:19:40.260277 - Command type: <class 'str'>
[INFO] 2026-01-18T19:19:40.260277 - Command length: 452
[INFO] 2026-01-18T19:19:40.535939 - Full command to execute: cd "/e/syncfold/Filen_private/dev/template/OmniCPP-template/build/release/mingw-clang/engine" && conan install E:/syncfold/Filen_private/dev/template/OmniCPP-template/conan/conanfile.py --output-folder E:/syncfold/Filen_private/dev/template/OmniCPP-template/build/release/mingw-clang/engine --build=missing --profile:host E:/syncfold/Filen_private/dev/template/OmniCPP-template/conan/profiles/mingw-clang-release --profile:build E:/syncfold/Filen_private/dev/template/OmniCPP-template/conan/profiles/mingw-clang-release --settings build_type=Release
[INFO] 2026-01-18T19:19:40.535939 - Full command length: 549
[INFO] 2026-01-18T19:19:50.826396 - MSYS2 execution completed with return code: 1
[INFO] 2026-01-18T19:19:51.450275 - Validating Conan installation in: E:/syncfold/Filen_private/dev/template/OmniCPP-template/build/release/mingw-clang/engine
[INFO] 2026-01-18T19:19:51.450275 - Build directory exists: False

/usr/bin/bash: line 1: cd: /e/syncfold/Filen_private/dev/template/OmniCPP-template/build/release/mingw-clang/engine: No such file or directory

[ERROR] 2026-01-18T19:19:51.450275 - Build directory does not exist: E:/syncfold/Filen_private/dev/template/OmniCPP-template/build/release/mingw-clang/engine
Traceback (most recent call last):
  File "E:/syncfold/Filen_private/dev/template/OmniCPP-template/omni_scripts/build.py", line 311, in install_dependencies
    self.conan_manager.install(
  File "E:/syncfold/Filen_private/dev/template/OmniCPP-template/omni_scripts/conan.py", line 247, in install
    raise ConanInstallError(
omni_scripts.conan.ConanInstallError: Failed to install Conan dependencies: validation failed

The above exception was the direct cause of the following exception:

Traceback (most recent call last):
  File "<string>", line 1, in <module>
  File "E:/syncfold/Filen_private/dev/template/OmniCPP-template/omni_scripts/build.py", line 545, in run_clean_build_pipeline
    self.install_dependencies(context, terminal_env)
  File "E:/syncfold/Filen_private/dev/template/OmniCPP-template/omni_scripts/build.py", line 330, in install_dependencies
    raise DependencyError(
omni_scripts.build.DependencyError: BuildError: Failed to install dependencies for engine Context: {'dependency': 'engine'}

[INFO] 2026-01-18T19:19:51.740375 - MSYS2 execution completed with return code: 1
